This is pdfTeX, Version 3.141592653-2.6-1.40.28 (MiKTeX 25.12 Portable) (preloaded format=pdflatex 2026.2.17)  18 MAY 2026 15:25
entering extended mode
 restricted \write18 enabled.
 %&-line parsing enabled.
**./overdrawing-on-experience.tex
(overdrawing-on-experience.tex
LaTeX2e <2025-11-01>
L3 programming layer <2025-12-24>

(C:\Users\Patrick\scoop\apps\miktex\current\texmfs\install\tex/latex/base\artic
le.cls
Document Class: article 2025/01/22 v1.4n Standard LaTeX document class

(C:\Users\Patrick\scoop\apps\miktex\current\texmfs\install\tex/latex/base\size1
2.clo
File: size12.clo 2025/01/22 v1.4n Standard LaTeX file (size option)
)
\c@part=\count275
\c@section=\count276
\c@subsection=\count277
\c@subsubsection=\count278
\c@paragraph=\count279
\c@subparagraph=\count280
\c@figure=\count281
\c@table=\count282
\abovecaptionskip=\skip49
\belowcaptionskip=\skip50
\bibindent=\dimen148
)
(C:\Users\Patrick\scoop\apps\miktex\current\texmfs\install\tex/latex/geometry\g
eometry.sty
Package: geometry 2020/01/02 v5.9 Page Geometry

(C:\Users\Patrick\scoop\apps\miktex\current\texmfs\install\tex/latex/graphics\k
eyval.sty
Package: keyval 2022/05/29 v1.15 key=value parser (DPC)
\KV@toks@=\toks17
)
(C:\Users\Patrick\scoop\apps\miktex\current\texmfs\install\tex/generic/iftex\if
vtex.sty
Package: ifvtex 2019/10/25 v1.7 ifvtex legacy package. Use iftex instead.

(C:\Users\Patrick\scoop\apps\miktex\current\texmfs\install\tex/generic/iftex\if
tex.sty
Package: iftex 2024/12/12 v1.0g TeX engine tests
))
\Gm@cnth=\count283
\Gm@cntv=\count284
\c@Gm@tempcnt=\count285
\Gm@bindingoffset=\dimen149
\Gm@wd@mp=\dimen150
\Gm@odd@mp=\dimen151
\Gm@even@mp=\dimen152
\Gm@layoutwidth=\dimen153
\Gm@layoutheight=\dimen154
\Gm@layouthoffset=\dimen155
\Gm@layoutvoffset=\dimen156
\Gm@dimlist=\toks18

(C:\Users\Patrick\scoop\apps\miktex\current\texmfs\install\tex/latex/geometry\g
eometry.cfg))
(C:\Users\Patrick\scoop\apps\miktex\current\texmfs\install\tex/latex/setspace\s
etspace.sty
Package: setspace 2022/12/04 v6.7b set line spacing
)
(C:\Users\Patrick\scoop\apps\miktex\current\texmfs\install\tex/latex/natbib\nat
bib.sty
Package: natbib 2010/09/13 8.31b (PWD, AO)
\bibhang=\skip51
\bibsep=\skip52
LaTeX Info: Redefining \cite on input line 694.
\c@NAT@ctr=\count286
)
(C:\Users\Patrick\scoop\apps\miktex\current\texmfs\install\tex/latex/hyperref\h
yperref.sty
Package: hyperref 2025-07-12 v7.01o Hypertext links for LaTeX

(C:\Users\Patrick\scoop\apps\miktex\current\texmfs\install\tex/latex/kvsetkeys\
kvsetkeys.sty
Package: kvsetkeys 2022-10-05 v1.19 Key value parser (HO)
)
(C:\Users\Patrick\scoop\apps\miktex\current\texmfs\install\tex/generic/kvdefine
keys\kvdefinekeys.sty
Package: kvdefinekeys 2019-12-19 v1.6 Define keys (HO)
)
(C:\Users\Patrick\scoop\apps\miktex\current\texmfs\install\tex/generic/pdfescap
e\pdfescape.sty
Package: pdfescape 2019/12/09 v1.15 Implements pdfTeX's escape features (HO)

(C:\Users\Patrick\scoop\apps\miktex\current\texmfs\install\tex/generic/ltxcmds\
ltxcmds.sty
Package: ltxcmds 2023-12-04 v1.26 LaTeX kernel commands for general use (HO)
)
(C:\Users\Patrick\scoop\apps\miktex\current\texmfs\install\tex/generic/pdftexcm
ds\pdftexcmds.sty
Package: pdftexcmds 2020-06-27 v0.33 Utility functions of pdfTeX for LuaTeX (HO
)

(C:\Users\Patrick\scoop\apps\miktex\current\texmfs\install\tex/generic/infwarer
r\infwarerr.sty
Package: infwarerr 2019/12/03 v1.5 Providing info/warning/error messages (HO)
)
Package pdftexcmds Info: \pdf@primitive is available.
Package pdftexcmds Info: \pdf@ifprimitive is available.
Package pdftexcmds Info: \pdfdraftmode found.
))
(C:\Users\Patrick\scoop\apps\miktex\current\texmfs\install\tex/latex/hycolor\hy
color.sty
Package: hycolor 2020-01-27 v1.10 Color options for hyperref/bookmark (HO)
)
(C:\Users\Patrick\scoop\apps\miktex\current\texmfs\install\tex/latex/hyperref\n
ameref.sty
Package: nameref 2025-06-21 v2.57 Cross-referencing by name of section

(C:\Users\Patrick\scoop\apps\miktex\current\texmfs\install\tex/latex/refcount\r
efcount.sty
Package: refcount 2019/12/15 v3.6 Data extraction from label references (HO)
)
(C:\Users\Patrick\scoop\apps\miktex\current\texmfs\install\tex/generic/gettitle
string\gettitlestring.sty
Package: gettitlestring 2019/12/15 v1.6 Cleanup title references (HO)

(C:\Users\Patrick\scoop\apps\miktex\current\texmfs\install\tex/latex/kvoptions\
kvoptions.sty
Package: kvoptions 2022-06-15 v3.15 Key value format for package options (HO)
))
\c@section@level=\count287
)
(C:\Users\Patrick\scoop\apps\miktex\current\texmfs\install\tex/latex/etoolbox\e
toolbox.sty
Package: etoolbox 2025/10/02 v2.5m e-TeX tools for LaTeX (JAW)
\etb@tempcnta=\count288
)
(C:\Users\Patrick\scoop\apps\miktex\current\texmfs\install\tex/generic/stringen
c\stringenc.sty
Package: stringenc 2019/11/29 v1.12 Convert strings between diff. encodings (HO
)
)
\@linkdim=\dimen157
\Hy@linkcounter=\count289
\Hy@pagecounter=\count290

(C:\Users\Patrick\scoop\apps\miktex\current\texmfs\install\tex/latex/hyperref\p
d1enc.def
File: pd1enc.def 2025-07-12 v7.01o Hyperref: PDFDocEncoding definition (HO)
Now handling font encoding PD1 ...
... no UTF-8 mapping file for font encoding PD1
)
(C:\Users\Patrick\scoop\apps\miktex\current\texmfs\install\tex/generic/intcalc\
intcalc.sty
Package: intcalc 2019/12/15 v1.3 Expandable calculations with integers (HO)
)
\Hy@SavedSpaceFactor=\count291

(C:\Users\Patrick\scoop\apps\miktex\current\texmfs\install\tex/latex/hyperref\p
uenc.def
File: puenc.def 2025-07-12 v7.01o Hyperref: PDF Unicode definition (HO)
Now handling font encoding PU ...
... no UTF-8 mapping file for font encoding PU
)
Package hyperref Info: Hyper figures OFF on input line 4195.
Package hyperref Info: Link nesting OFF on input line 4200.
Package hyperref Info: Hyper index ON on input line 4203.
Package hyperref Info: Plain pages OFF on input line 4210.
Package hyperref Info: Backreferencing OFF on input line 4215.
Package hyperref Info: Implicit mode ON; LaTeX internals redefined.
Package hyperref Info: Bookmarks ON on input line 4462.
\c@Hy@tempcnt=\count292

(C:\Users\Patrick\scoop\apps\miktex\current\texmfs\install\tex/latex/url\url.st
y
\Urlmuskip=\muskip17
Package: url 2013/09/16  ver 3.4  Verb mode for urls, etc.
)
LaTeX Info: Redefining \url on input line 4801.
\XeTeXLinkMargin=\dimen158

(C:\Users\Patrick\scoop\apps\miktex\current\texmfs\install\tex/generic/bitset\b
itset.sty
Package: bitset 2019/12/09 v1.3 Handle bit-vector datatype (HO)

(C:\Users\Patrick\scoop\apps\miktex\current\texmfs\install\tex/generic/bigintca
lc\bigintcalc.sty
Package: bigintcalc 2019/12/15 v1.5 Expandable calculations on big integers (HO
)
))
\Fld@menulength=\count293
\Field@Width=\dimen159
\Fld@charsize=\dimen160
Package hyperref Info: Hyper figures OFF on input line 6078.
Package hyperref Info: Link nesting OFF on input line 6083.
Package hyperref Info: Hyper index ON on input line 6086.
Package hyperref Info: backreferencing OFF on input line 6093.
Package hyperref Info: Link coloring OFF on input line 6098.
Package hyperref Info: Link coloring with OCG OFF on input line 6103.
Package hyperref Info: PDF/A mode OFF on input line 6108.
\Hy@abspage=\count294
\c@Item=\count295
\c@Hfootnote=\count296
)
Package hyperref Info: Driver (autodetected): hpdftex.

(C:\Users\Patrick\scoop\apps\miktex\current\texmfs\install\tex/latex/hyperref\h
pdftex.def
File: hpdftex.def 2025-07-12 v7.01o Hyperref driver for pdfTeX
\Fld@listcount=\count297
\c@bookmark@seq@number=\count298

(C:\Users\Patrick\scoop\apps\miktex\current\texmfs\install\tex/latex/rerunfilec
heck\rerunfilecheck.sty
Package: rerunfilecheck 2025-06-21 v1.11 Rerun checks for auxiliary files (HO)

(C:\Users\Patrick\scoop\apps\miktex\current\texmfs\install\tex/generic/uniqueco
unter\uniquecounter.sty
Package: uniquecounter 2019/12/15 v1.4 Provide unlimited unique counter (HO)
)
Package uniquecounter Info: New unique counter `rerunfilecheck' on input line 2
84.
)
\Hy@SectionHShift=\skip53
)
(C:\Users\Patrick\scoop\apps\miktex\current\texmfs\install\tex/latex/l3backend\
l3backend-pdftex.def
File: l3backend-pdftex.def 2025-10-09 L3 backend support: PDF output (pdfTeX)
\l__color_backend_stack_int=\count299
) (overdrawing-on-experience.aux)
\openout1 = `overdrawing-on-experience.aux'.

LaTeX Font Info:    Checking defaults for OML/cmm/m/it on input line 12.
LaTeX Font Info:    ... okay on input line 12.
LaTeX Font Info:    Checking defaults for OMS/cmsy/m/n on input line 12.
LaTeX Font Info:    ... okay on input line 12.
LaTeX Font Info:    Checking defaults for OT1/cmr/m/n on input line 12.
LaTeX Font Info:    ... okay on input line 12.
LaTeX Font Info:    Checking defaults for T1/cmr/m/n on input line 12.
LaTeX Font Info:    ... okay on input line 12.
LaTeX Font Info:    Checking defaults for TS1/cmr/m/n on input line 12.
LaTeX Font Info:    ... okay on input line 12.
LaTeX Font Info:    Checking defaults for OMX/cmex/m/n on input line 12.
LaTeX Font Info:    ... okay on input line 12.
LaTeX Font Info:    Checking defaults for U/cmr/m/n on input line 12.
LaTeX Font Info:    ... okay on input line 12.
LaTeX Font Info:    Checking defaults for PD1/pdf/m/n on input line 12.
LaTeX Font Info:    ... okay on input line 12.
LaTeX Font Info:    Checking defaults for PU/pdf/m/n on input line 12.
LaTeX Font Info:    ... okay on input line 12.

*geometry* driver: auto-detecting
*geometry* detected driver: pdftex
*geometry* verbose mode - [ preamble ] result:
* driver: pdftex
* paper: <default>
* layout: <same size as paper>
* layoutoffset:(h,v)=(0.0pt,0.0pt)
* modes: 
* h-part:(L,W,R)=(99.73294pt, 414.82912pt, 99.73294pt)
* v-part:(T,H,B)=(99.73294pt, 595.5041pt, 99.73294pt)
* \paperwidth=614.295pt
* \paperheight=794.96999pt
* \textwidth=414.82912pt
* \textheight=595.5041pt
* \oddsidemargin=27.46295pt
* \evensidemargin=27.46295pt
* \topmargin=-9.53705pt
* \headheight=12.0pt
* \headsep=25.0pt
* \topskip=12.0pt
* \footskip=30.0pt
* \marginparwidth=44.0pt
* \marginparsep=10.0pt
* \columnsep=10.0pt
* \skip\footins=10.8pt plus 4.0pt minus 2.0pt
* \hoffset=0.0pt
* \voffset=0.0pt
* \mag=1000
* \@twocolumnfalse
* \@twosidefalse
* \@mparswitchfalse
* \@reversemarginfalse
* (1in=72.27pt=25.4mm, 1cm=28.453pt)

Package hyperref Info: Link coloring OFF on input line 12.
(overdrawing-on-experience.out) (overdrawing-on-experience.out)
\@outlinefile=\write3
\openout3 = `overdrawing-on-experience.out'.

LaTeX Font Info:    External font `cmex10' loaded for size
(Font)              <14.4> on input line 15.
LaTeX Font Info:    External font `cmex10' loaded for size
(Font)              <7> on input line 15.
 [1

{C:/Users/Patrick/scoop/apps/miktex/current/texmfs/data/fonts/map/pdftex/pdftex
.map}]
[2] [3] [4] [5] [6] [7] [8] [9] [10] [11] [12] [13] [14]
(overdrawing-on-experience.bbl [15]
LaTeX Font Info:    External font `cmex10' loaded for size
(Font)              <12> on input line 38.
LaTeX Font Info:    External font `cmex10' loaded for size
(Font)              <8> on input line 38.
LaTeX Font Info:    External font `cmex10' loaded for size
(Font)              <6> on input line 38.
) [16] (overdrawing-on-experience.aux)
 ***********
LaTeX2e <2025-11-01>
L3 programming layer <2025-12-24>
 ***********
Package rerunfilecheck Info: File `overdrawing-on-experience.out' has not chang
ed.
(rerunfilecheck)             Checksum: EF3049314273C3C4916BD5D9439EE931;2043.
 ) 
Here is how much of TeX's memory you used:
 8520 strings out of 467871
 134140 string characters out of 5412066
 552831 words of memory out of 5000000
 37313 multiletter control sequences out of 15000+600000
 633230 words of font info for 58 fonts, out of 8000000 for 9000
 1141 hyphenation exceptions out of 8191
 75i,6n,79p,1265b,550s stack positions out of 10000i,1000n,20000p,200000b,200000s
<C:/Users/Patrick/scoop/apps/miktex/current/texmfs/install/fonts/type1/public
/amsfonts/cm/cmbx10.pfb><C:/Users/Patrick/scoop/apps/miktex/current/texmfs/inst
all/fonts/type1/public/amsfonts/cm/cmbx12.pfb><C:/Users/Patrick/scoop/apps/mikt
ex/current/texmfs/install/fonts/type1/public/amsfonts/cm/cmr10.pfb><C:/Users/Pa
trick/scoop/apps/miktex/current/texmfs/install/fonts/type1/public/amsfonts/cm/c
mr12.pfb><C:/Users/Patrick/scoop/apps/miktex/current/texmfs/install/fonts/type1
/public/amsfonts/cm/cmr17.pfb><C:/Users/Patrick/scoop/apps/miktex/current/texmf
s/install/fonts/type1/public/amsfonts/cm/cmti12.pfb>
Output written on overdrawing-on-experience.pdf (16 pages, 143237 bytes).
PDF statistics:
 174 PDF objects out of 1000 (max. 8388607)
 34 named destinations out of 1000 (max. 500000)
 73 words of extra memory for PDF output out of 10000 (max. 10000000)

